Internal Server Error: /sdvjsdv
"GET /sdvjsdv HTTP/1.1" 500 145
Internal Server Error: /sdvjsdv/
"GET /sdvjsdv/ HTTP/1.1" 500 145
Internal Server Error: /sdvjsdv/
"GET /sdvjsdv/ HTTP/1.1" 500 145
Internal Server Error: /sdvjsdv/
"GET /sdvjsdv/ HTTP/1.1" 500 145
Internal Server Error: /sdvjsdv/
"GET /sdvjsdv/ HTTP/1.1" 500 145
Internal Server Error: /sdvjsdv/
"GET /sdvjsdv/ HTTP/1.1" 500 145
Internal Server Error: /sdvjsdv/
"GET /sdvjsdv/ HTTP/1.1" 500 145
Internal Server Error: /sdvjsdv/
"GET /sdvjsdv/ HTTP/1.1" 500 145
Internal Server Error: /sdvjsdv/
"GET /sdvjsdv/ HTTP/1.1" 500 145
Internal Server Error: /accounts/all/sdvsdv
"GET /accounts/all/sdvsdv HTTP/1.1" 500 145
Internal Server Error: /accounts/all/sdvsdv
"GET /accounts/all/sdvsdv HTTP/1.1" 500 145
Internal Server Error: /accounts/all/sdvsdv
"GET /accounts/all/sdvsdv HTTP/1.1" 500 145
Internal Server Error: /accounts/all/sdvsdv
"GET /accounts/all/sdvsdv HTTP/1.1" 500 145
Internal Server Error: /accounts/all/sdvsdv
"GET /accounts/all/sdvsdv HTTP/1.1" 500 145
Internal Server Error: /accounts/all/sdvsdv
"GET /accounts/all/sdvsdv HTTP/1.1" 500 145
Internal Server Error: /accounts/all/sdvsdv
"GET /accounts/all/sdvsdv HTTP/1.1" 500 145
Internal Server Error: /accounts/all/sdvsdv
"GET /accounts/all/sdvsdv HTTP/1.1" 500 145
Internal Server Error: /accounts/all/sdvsdv
"GET /accounts/all/sdvsdv HTTP/1.1" 500 145
Internal Server Error: /accounts/all/sdvsdv
"GET /accounts/all/sdvsdv HTTP/1.1" 500 145
Internal Server Error: /accounts/all/sdvsdv
"GET /accounts/all/sdvsdv HTTP/1.1" 500 145
Internal Server Error: /accounts/all/sdvsdv
"GET /accounts/all/sdvsdv HTTP/1.1" 500 145
Internal Server Error: /accounts/all/sdvsdv
"GET /accounts/all/sdvsdv HTTP/1.1" 500 145
Internal Server Error: /accounts/all/sdvsdv
"GET /accounts/all/sdvsdv HTTP/1.1" 500 145
Internal Server Error: /accounts/all/sdvsdv
"GET /accounts/all/sdvsdv HTTP/1.1" 500 145
Internal Server Error: /accounts/all/sdvsdv
"GET /accounts/all/sdvsdv HTTP/1.1" 500 145
Internal Server Error: /accounts/all/sdvsdv
"GET /accounts/all/sdvsdv HTTP/1.1" 500 145
Internal Server Error: /accounts/all/sdvsdv
"GET /accounts/all/sdvsdv HTTP/1.1" 500 145
